/temps/3IF38.html (3 hits)
/temps/3IF37.html (2 hits)
/SiteWebIF/Intranet-etudiant.php (1 hits)
/temps/3IF39.html (1 hits)
