/temps/3IF38.html (3 hits)
/temps/3IF37.html (2 hits)
/temps/FondInsa.jpg (2 hits)
/temps/InsaIF.ico (1 hits)
/temps/precedent.gif (1 hits)
/temps/style_emploi_du_temps.css (1 hits)