/temps/4IF2.html (3 hits)
/temps/4IF1.html (1 hits)
/temps/4IF3.html (1 hits)
/images.jpg (1 hits)